
> nestjs-api@1.0.0 test:e2e
> jest --config ./test/jest-e2e.json

node.exe : FAIL 
test/app.e2e-spec.ts (9.189 s)
At line:1 char:1
+ & "C:\Program 
Files\nodejs/node.exe" "C:\Use
rs\25884\AppData\Roaming\ ...
+ ~~~~~~~~~~~~~~~~~~~~~~~~~~~~
~~~~~~~~~~~~~~~~~~~~~~~~~~~~~~
~~~~~~~~~~~
    + CategoryInfo          : 
    NotSpecified: (FAIL test  
  /app.e2e-spec.ts (9.189 s   
 ):String) [], RemoteExcep    
tion
    + FullyQualifiedErrorId : 
    NativeCommandError
 
  Sistema Completo E2E 
(Neg├│cio)
    1. Autentica├º├úo e 
Seguran├ºa
      ├ù Deve registrar um 
novo usu├írio de sistema 
(Admin/Operador) (62 ms)
      ├ù Deve realizar LOGIN 
e obter JWT (285 ms)
      ΓêÜ Deve bloquear 
acesso sem token a endpoints 
protegidos (8 ms)
    2. Gest├úo de Clientes
      ├ù Deve criar um novo 
CLIENTE (9 ms)
      ├ù Deve listar os 
clientes (8 ms)
    3. Ciclo de Empr├⌐stimos
      ├ù Deve criar um NOVO 
EMPR├ëSTIMO para o cliente 
(10 ms)
      ├ù Deve listar 
empr├⌐stimos do sistema (8 ms)
    4. Gest├úo de 
Notifica├º├╡es
      ├ù Deve enviar uma 
NOTIFICA├ç├âO manual ao 
cliente (10 ms)
    5. Realiza├º├úo de 
Pagamentos
      ├ù Deve registrar um 
PAGAMENTO parcial do 
empr├⌐stimo (13 ms)
    6. Aplica├º├úo de 
Penaliza├º├╡es
      ├ù Deve aplicar uma 
PENALIZA├ç├âO por atraso 
(Simula├º├úo) (9 ms)

  ΓùÅ Sistema Completo E2E 
(Neg├│cio) ΓÇ║ 1. 
Autentica├º├úo e Seguran├ºa 
ΓÇ║ Deve registrar um novo 
usu├írio de sistema 
(Admin/Operador)

    expected 201 "Created", 
got 401 "Unauthorized"

    [0m [90m 39 |[39m      
               
password[33m:[39m 
testPassword
     [90m 40 |[39m          
       })
    [31m[1m>[22m[39m[90m 
41 |[39m                 [33
m.[39mexpect([35m201[39m)
     [90m    |[39m          
        [31m[1m^[22m[39m
     [90m 42 |[39m          
       [33m.[39mthen((res) 
[33m=>[39m {
     [90m 43 |[39m          
           expect(res[33m.[3
9mbody)[33m.[39mtoHaveProper
ty([32m'message'[39m)[33m;
[39m
     [90m 44 |[39m          
           [90m// expect(res.
body.username).toBe(testUserna
me);[39m[0m

      at Object.<anonymous> 
(app.e2e-spec.ts:41:18)
      ----
      at Test._assertStatus (.
./node_modules/supertest/lib/t
est.js:309:14)
      at ../node_modules/super
test/lib/test.js:365:13
      at Test._assertFunction 
(../node_modules/supertest/lib
/test.js:342:13)
      at Test.assert (../node_
modules/supertest/lib/test.js:
195:23)
      at localAssert (../node_
modules/supertest/lib/test.js:
138:14)
      at Server.<anonymous> (.
./node_modules/supertest/lib/t
est.js:152:11)

  ΓùÅ Sistema Completo E2E 
(Neg├│cio) ΓÇ║ 1. 
Autentica├º├úo e Seguran├ºa 
ΓÇ║ Deve realizar LOGIN e 
obter JWT

    expected 201 "Created", 
got 401 "Unauthorized"

    [0m [90m 53 |[39m      
               
password[33m:[39m 
testPassword
     [90m 54 |[39m          
       })
    [31m[1m>[22m[39m[90m 
55 |[39m                 [33
m.[39mexpect([35m201[39m)
     [90m    |[39m          
        [31m[1m^[22m[39m
     [90m 56 |[39m          
       [33m.[39mthen((res) 
[33m=>[39m {
     [90m 57 |[39m          
           expect(res[33m.[3
9mbody)[33m.[39mtoHaveProper
ty([32m'access_token'[39m)[
33m;[39m
     [90m 58 |[39m          
           authToken 
[33m=[39m res[33m.[39mbody
[33m.[39maccess_token[33m;
[39m[0m

      at Object.<anonymous> 
(app.e2e-spec.ts:55:18)
      ----
      at Test._assertStatus (.
./node_modules/supertest/lib/t
est.js:309:14)
      at ../node_modules/super
test/lib/test.js:365:13
      at Test._assertFunction 
(../node_modules/supertest/lib
/test.js:342:13)
      at Test.assert (../node_
modules/supertest/lib/test.js:
195:23)
      at localAssert (../node_
modules/supertest/lib/test.js:
138:14)
      at Server.<anonymous> (.
./node_modules/supertest/lib/t
est.js:152:11)

  ΓùÅ Sistema Completo E2E 
(Neg├│cio) ΓÇ║ 2. Gest├úo de 
Clientes ΓÇ║ Deve criar um 
novo CLIENTE

    expected 201 "Created", 
got 401 "Unauthorized"

    [0m [90m 81 |[39m      
               
nacionalidade[33m:[39m 
[32m'Mo├ºambicana'[39m
     [90m 82 |[39m          
       })
    [31m[1m>[22m[39m[90m 
83 |[39m                 [33
m.[39mexpect([35m201[39m)
     [90m    |[39m          
        [31m[1m^[22m[39m
     [90m 84 |[39m          
       [33m.[39mthen((res) 
[33m=>[39m {
     [90m 85 |[39m          
           expect(res[33m.[3
9mbody)[33m.[39mtoHaveProper
ty([32m'clienteId'[39m)[33m
;[39m
     [90m 86 |[39m          
           clienteId 
[33m=[39m res[33m.[39mbody
[33m.[39mclienteId[33m;[39
m[0m

      at Object.<anonymous> 
(app.e2e-spec.ts:83:18)
      ----
      at Test._assertStatus (.
./node_modules/supertest/lib/t
est.js:309:14)
      at ../node_modules/super
test/lib/test.js:365:13
      at Test._assertFunction 
(../node_modules/supertest/lib
/test.js:342:13)
      at Test.assert (../node_
modules/supertest/lib/test.js:
195:23)
      at localAssert (../node_
modules/supertest/lib/test.js:
138:14)
      at Server.<anonymous> (.
./node_modules/supertest/lib/t
est.js:152:11)

  ΓùÅ Sistema Completo E2E 
(Neg├│cio) ΓÇ║ 2. Gest├úo de 
Clientes ΓÇ║ Deve listar os 
clientes

    expected 200 "OK", got 
401 "Unauthorized"

    [0m [90m 92 |[39m      
           [33m.[39m[36mget
[39m([32m'/clientes'[39m)
     [90m 93 |[39m          
       [33m.[39m[36mset[39
m([32m'Authorization'[39m[3
3m,[39m [32m`Bearer 
${authToken}`[39m)
    [31m[1m>[22m[39m[90m 
94 |[39m                 [33
m.[39mexpect([35m200[39m)
     [90m    |[39m          
        [31m[1m^[22m[39m
     [90m 95 |[39m          
       [33m.[39mthen((res) 
[33m=>[39m {
     [90m 96 |[39m          
           expect([33mArray[
39m[33m.[39misArray(res[33m
.[39mbody))[33m.[39mtoBe([
36mtrue[39m)[33m;[39m
     [90m 97 |[39m          
           expect(res[33m.[3
9mbody[33m.[39mlength)[33m.
[39mtoBeGreaterThan([35m0[3
9m)[33m;[39m[0m

      at Object.<anonymous> 
(app.e2e-spec.ts:94:18)
      ----
      at Test._assertStatus (.
./node_modules/supertest/lib/t
est.js:309:14)
      at ../node_modules/super
test/lib/test.js:365:13
      at Test._assertFunction 
(../node_modules/supertest/lib
/test.js:342:13)
      at Test.assert (../node_
modules/supertest/lib/test.js:
195:23)
      at localAssert (../node_
modules/supertest/lib/test.js:
138:14)
      at Server.<anonymous> (.
./node_modules/supertest/lib/t
est.js:152:11)

  ΓùÅ Sistema Completo E2E 
(Neg├│cio) ΓÇ║ 3. Ciclo de 
Empr├⌐stimos ΓÇ║ Deve criar 
um NOVO EMPR├ëSTIMO para o 
cliente

    expected 201 "Created", 
got 401 "Unauthorized"

    [0m [90m 117 |[39m     
                
status[33m:[39m 
[32m'Ativo'[39m
     [90m 118 |[39m         
        })
    [31m[1m>[22m[39m[90m 
119 |[39m                 [3
3m.[39mexpect([35m201[39m)
     [90m     |[39m         
         [31m[1m^[22m[39m
     [90m 120 |[39m         
        [33m.[39mthen((res) 
[33m=>[39m {
     [90m 121 |[39m         
            [90m// Adaptar 
conforme o retorno do seu 
controller (geralmente 
retorna o objeto criado ou 
{id})[39m
     [90m 122 |[39m         
            [90m// Se 
retornar o objeto completo, 
deve ter id ou 
emprestimoId[39m[0m

      at Object.<anonymous> 
(app.e2e-spec.ts:119:18)
      ----
      at Test._assertStatus (.
./node_modules/supertest/lib/t
est.js:309:14)
      at ../node_modules/super
test/lib/test.js:365:13
      at Test._assertFunction 
(../node_modules/supertest/lib
/test.js:342:13)
      at Test.assert (../node_
modules/supertest/lib/test.js:
195:23)
      at localAssert (../node_
modules/supertest/lib/test.js:
138:14)
      at Server.<anonymous> (.
./node_modules/supertest/lib/t
est.js:152:11)

  ΓùÅ Sistema Completo E2E 
(Neg├│cio) ΓÇ║ 3. Ciclo de 
Empr├⌐stimos ΓÇ║ Deve listar 
empr├⌐stimos do sistema

    expected 200 "OK", got 
401 "Unauthorized"

    [0m [90m 133 |[39m     
            [33m.[39m[36mge
t[39m([32m'/emprestimos'[39
m)
     [90m 134 |[39m         
        [33m.[39m[36mset[3
9m([32m'Authorization'[39m[
33m,[39m [32m`Bearer 
${authToken}`[39m)
    [31m[1m>[22m[39m[90m 
135 |[39m                 [3
3m.[39mexpect([35m200[39m)
[33m;[39m
     [90m     |[39m         
         [31m[1m^[22m[39m
     [90m 136 |[39m         
})[33m;[39m
     [90m 137 |[39m     
})[33m;[39m
     [90m 138 |[39m[0m

      at Object.<anonymous> 
(app.e2e-spec.ts:135:18)
      ----
      at Test._assertStatus (.
./node_modules/supertest/lib/t
est.js:309:14)
      at ../node_modules/super
test/lib/test.js:365:13
      at Test._assertFunction 
(../node_modules/supertest/lib
/test.js:342:13)
      at Test.assert (../node_
modules/supertest/lib/test.js:
195:23)
      at localAssert (../node_
modules/supertest/lib/test.js:
138:14)
      at Server.<anonymous> (.
./node_modules/supertest/lib/t
est.js:152:11)

  ΓùÅ Sistema Completo E2E 
(Neg├│cio) ΓÇ║ 4. Gest├úo de 
Notifica├º├╡es ΓÇ║ Deve 
enviar uma NOTIFICA├ç├âO 
manual ao cliente

    expected 201 "Created", 
got 401 "Unauthorized"

    [0m [90m 149 |[39m     
                
status[33m:[39m 
[32m'Pendente'[39m
     [90m 150 |[39m         
        })
    [31m[1m>[22m[39m[90m 
151 |[39m                 [3
3m.[39mexpect([35m201[39m)
[33m;[39m
     [90m     |[39m         
         [31m[1m^[22m[39m
     [90m 152 |[39m         
})[33m;[39m
     [90m 153 |[39m     
})[33m;[39m
     [90m 154 |[39m[0m

      at Object.<anonymous> 
(app.e2e-spec.ts:151:18)
      ----
      at Test._assertStatus (.
./node_modules/supertest/lib/t
est.js:309:14)
      at ../node_modules/super
test/lib/test.js:365:13
      at Test._assertFunction 
(../node_modules/supertest/lib
/test.js:342:13)
      at Test.assert (../node_
modules/supertest/lib/test.js:
195:23)
      at localAssert (../node_
modules/supertest/lib/test.js:
138:14)
      at Server.<anonymous> (.
./node_modules/supertest/lib/t
est.js:152:11)

  ΓùÅ Sistema Completo E2E 
(Neg├│cio) ΓÇ║ 5. 
Realiza├º├úo de Pagamentos 
ΓÇ║ Deve registrar um 
PAGAMENTO parcial do 
empr├⌐stimo

    expected 201 "Created", 
got 401 "Unauthorized"

    [0m [90m 167 |[39m     
                referenciaPaga
mento[33m:[39m 
[32m'TX123456789'[39m
     [90m 168 |[39m         
        })
    [31m[1m>[22m[39m[90m 
169 |[39m                 [3
3m.[39mexpect([35m201[39m)
[33m;[39m
     [90m     |[39m         
         [31m[1m^[22m[39m
     [90m 170 |[39m         
})[33m;[39m
     [90m 171 |[39m     
})[33m;[39m
     [90m 172 |[39m[0m

      at Object.<anonymous> 
(app.e2e-spec.ts:169:18)
      ----
      at Test._assertStatus (.
./node_modules/supertest/lib/t
est.js:309:14)
      at ../node_modules/super
test/lib/test.js:365:13
      at Test._assertFunction 
(../node_modules/supertest/lib
/test.js:342:13)
      at Test.assert (../node_
modules/supertest/lib/test.js:
195:23)
      at localAssert (../node_
modules/supertest/lib/test.js:
138:14)
      at Server.<anonymous> (.
./node_modules/supertest/lib/t
est.js:152:11)

  ΓùÅ Sistema Completo E2E 
(Neg├│cio) ΓÇ║ 6. Aplica├º├úo 
de Penaliza├º├╡es ΓÇ║ Deve 
aplicar uma PENALIZA├ç├âO por 
atraso (Simula├º├úo)

    expected 201 "Created", 
got 401 "Unauthorized"

    [0m [90m 186 |[39m     
                
observacoes[33m:[39m 
[32m'Multa autom├ítica de 
teste E2E'[39m
     [90m 187 |[39m         
        })
    [31m[1m>[22m[39m[90m 
188 |[39m                 [3
3m.[39mexpect([35m201[39m)
[33m;[39m
     [90m     |[39m         
         [31m[1m^[22m[39m
     [90m 189 |[39m         
})[33m;[39m
     [90m 190 |[39m     
})[33m;[39m
     [90m 191 |[39m 
})[33m;[39m[0m

      at Object.<anonymous> 
(app.e2e-spec.ts:188:18)
      ----
      at Test._assertStatus (.
./node_modules/supertest/lib/t
est.js:309:14)
      at ../node_modules/super
test/lib/test.js:365:13
      at Test._assertFunction 
(../node_modules/supertest/lib
/test.js:342:13)
      at Test.assert (../node_
modules/supertest/lib/test.js:
195:23)
      at localAssert (../node_
modules/supertest/lib/test.js:
138:14)
      at Server.<anonymous> (.
./node_modules/supertest/lib/t
est.js:152:11)

Test Suites: 1 failed, 1 total
Tests:       9 failed, 1 
passed, 10 total
Snapshots:   0 total
Time:        9.643 s, 
estimated 17 s
Ran all test suites.
